// Jest Snapshot v1, https://goo.gl/fbAQLP

exports[`RegisterKid Screen Rendering =>  should match the snapshot 1`] = `ShallowWrapper {}`;
